2026-09-25 09:49:30,485 | INFO | Scheduler STARTED: dataops_pipeline_job will run every 2 minutes (next fire at 2026-09-25T09:51:30.485452+00:00)
2026-09-25 09:49:30,486 | INFO | [run-20260925T094930] Pipeline run STARTED
2026-09-25 09:49:30,486 | INFO | [run-20260925T094930] Stage 1/2: Pre-processing (1.3) starting
2026-09-25 09:49:30,595 | INFO | [run-20260925T094930] Pre-processing complete | rows=7043 missing_fixed=['TotalCharges']
2026-09-25 09:49:30,595 | INFO | [run-20260925T094930] Stage 2/2: EDA (1.4) starting
2026-09-25 09:49:32,575 | INFO | [run-20260925T094930] EDA complete | charts=6 top_driver=Contract_enc
2026-09-25 09:49:32,576 | INFO | [run-20260925T094930] Pipeline run ENDED | status=SUCCESS | duration_sec=2.09
2026-09-25 09:51:30,486 | INFO | [run-20260925T095130] Pipeline run STARTED
2026-09-25 09:51:30,487 | INFO | [run-20260925T095130] Stage 1/2: Pre-processing (1.3) starting
2026-09-25 09:51:30,593 | INFO | [run-20260925T095130] Pre-processing complete | rows=7043 missing_fixed=['TotalCharges']
2026-09-25 09:51:30,593 | INFO | [run-20260925T095130] Stage 2/2: EDA (1.4) starting
2026-09-25 09:51:32,446 | INFO | [run-20260925T095130] EDA complete | charts=6 top_driver=Contract_enc
2026-09-25 09:51:32,446 | INFO | [run-20260925T095130] Pipeline run ENDED | status=SUCCESS | duration_sec=1.96
2026-09-25 09:53:30,486 | INFO | [run-20260925T095330] Pipeline run STARTED
2026-09-25 09:53:30,486 | INFO | [run-20260925T095330] Stage 1/2: Pre-processing (1.3) starting
2026-09-25 09:53:30,590 | INFO | [run-20260925T095330] Pre-processing complete | rows=7043 missing_fixed=['TotalCharges']
2026-09-25 09:53:30,590 | INFO | [run-20260925T095330] Stage 2/2: EDA (1.4) starting
2026-09-25 09:53:32,483 | INFO | [run-20260925T095330] EDA complete | charts=6 top_driver=Contract_enc
2026-09-25 09:53:32,483 | INFO | [run-20260925T095330] Pipeline run ENDED | status=SUCCESS | duration_sec=2.0
2026-09-25 20:08:58,631 | INFO | Scheduler STARTED: dataops_pipeline_job will run every 2 minutes (next fire at 2026-09-25T20:10:58.631046+00:00)
2026-09-25 20:08:58,729 | INFO | [run-20260925T200858] Pipeline run STARTED
2026-09-25 20:08:58,729 | INFO | [run-20260925T200858] Stage 1/2: Pre-processing (1.3) starting
2026-09-25 20:08:58,838 | INFO | [run-20260925T200858] Pre-processing complete | rows=7043 missing_fixed=['TotalCharges']
2026-09-25 20:08:58,839 | INFO | [run-20260925T200858] Stage 2/2: EDA (1.4) starting
2026-09-25 20:09:01,116 | INFO | [run-20260925T200858] EDA complete | charts=6 top_driver=Contract_enc
2026-09-25 20:09:01,116 | INFO | [run-20260925T200858] Pipeline run ENDED | status=SUCCESS | duration_sec=2.39
2026-09-25 20:10:58,632 | INFO | [run-20260925T201058] Pipeline run STARTED
2026-09-25 20:10:58,632 | INFO | [run-20260925T201058] Stage 1/2: Pre-processing (1.3) starting
2026-09-25 20:10:58,736 | INFO | [run-20260925T201058] Pre-processing complete | rows=7043 missing_fixed=['TotalCharges']
2026-09-25 20:10:58,736 | INFO | [run-20260925T201058] Stage 2/2: EDA (1.4) starting
2026-09-25 20:11:00,602 | INFO | [run-20260925T201058] EDA complete | charts=6 top_driver=Contract_enc
2026-09-25 20:11:00,602 | INFO | [run-20260925T201058] Pipeline run ENDED | status=SUCCESS | duration_sec=1.97
